Component: ARM Compiler 5.05 update 2 (build 169) Tool: armlink [4d0f33]

==============================================================================

Section Cross References

    startup_stm32f4xx.o(RESET) refers to startup_stm32f4xx.o(STACK) for __initial_sp
    startup_stm32f4xx.o(RESET) refers to startup_stm32f4xx.o(.text) for Reset_Handler
    startup_stm32f4xx.o(RESET) refers to stm32f4xx_it.o(i.NMI_Handler) for NMI_Handler
    startup_stm32f4xx.o(RESET) refers to stm32f4xx_it.o(i.HardFault_Handler) for HardFault_Handler
    startup_stm32f4xx.o(RESET) refers to stm32f4xx_it.o(i.MemManage_Handler) for MemManage_Handler
    startup_stm32f4xx.o(RESET) refers to stm32f4xx_it.o(i.BusFault_Handler) for BusFault_Handler
    startup_stm32f4xx.o(RESET) refers to stm32f4xx_it.o(i.UsageFault_Handler) for UsageFault_Handler
    startup_stm32f4xx.o(RESET) refers to stm32f4xx_it.o(i.SVC_Handler) for SVC_Handler
    startup_stm32f4xx.o(RESET) refers to stm32f4xx_it.o(i.DebugMon_Handler) for DebugMon_Handler
    startup_stm32f4xx.o(RESET) refers to stm32f4xx_it.o(i.PendSV_Handler) for PendSV_Handler
    startup_stm32f4xx.o(RESET) refers to can1.o(i.CAN1_TX_IRQHandler) for CAN1_TX_IRQHandler
    startup_stm32f4xx.o(RESET) refers to can1.o(i.CAN1_RX0_IRQHandler) for CAN1_RX0_IRQHandler
    startup_stm32f4xx.o(RESET) refers to usart1.o(i.USART1_IRQHandler) for USART1_IRQHandler
    startup_stm32f4xx.o(RESET) refers to tim6.o(i.TIM6_DAC_IRQHandler) for TIM6_DAC_IRQHandler
    startup_stm32f4xx.o(RESET) refers to tim7.o(i.TIM7_IRQHandler) for TIM7_IRQHandler
    startup_stm32f4xx.o(RESET) refers to can2.o(i.CAN2_TX_IRQHandler) for CAN2_TX_IRQHandler
    startup_stm32f4xx.o(RESET) refers to can2.o(i.CAN2_RX1_IRQHandler) for CAN2_RX1_IRQHandler
    startup_stm32f4xx.o(RESET) refers to usart1.o(i.DMA2_Stream5_IRQHandler) for DMA2_Stream5_IRQHandler
    startup_stm32f4xx.o(RESET) refers to usart6.o(i.USART6_IRQHandler) for USART6_IRQHandler
    startup_stm32f4xx.o(.text) refers to system_stm32f4xx.o(i.SystemInit) for SystemInit
    startup_stm32f4xx.o(.text) refers to entry.o(.ARM.Collect$$$$00000000) for __main
    stm32f4xx_adc.o(i.ADC_DeInit) refers to stm32f4xx_rcc.o(i.RCC_APB2PeriphResetCmd) for RCC_APB2PeriphResetCmd
    stm32f4xx_can.o(i.CAN_DeInit) refers to stm32f4xx_rcc.o(i.RCC_APB1PeriphResetCmd) for RCC_APB1PeriphResetCmd
    stm32f4xx_can.o(i.CAN_GetITStatus) refers to stm32f4xx_can.o(i.CheckITStatus) for CheckITStatus
    stm32f4xx_cryp.o(i.CRYP_DeInit) refers to stm32f4xx_rcc.o(i.RCC_AHB2PeriphResetCmd) for RCC_AHB2PeriphResetCmd
    stm32f4xx_cryp_aes.o(i.CRYP_AES_CBC) refers to stm32f4xx_cryp.o(i.CRYP_KeyStructInit) for CRYP_KeyStructInit
    stm32f4xx_cryp_aes.o(i.CRYP_AES_CBC) refers to stm32f4xx_cryp.o(i.CRYP_FIFOFlush) for CRYP_FIFOFlush
    stm32f4xx_cryp_aes.o(i.CRYP_AES_CBC) refers to stm32f4xx_cryp.o(i.CRYP_Init) for CRYP_Init
    stm32f4xx_cryp_aes.o(i.CRYP_AES_CBC) refers to stm32f4xx_cryp.o(i.CRYP_KeyInit) for CRYP_KeyInit
    stm32f4xx_cryp_aes.o(i.CRYP_AES_CBC) refers to stm32f4xx_cryp.o(i.CRYP_Cmd) for CRYP_Cmd
    stm32f4xx_cryp_aes.o(i.CRYP_AES_CBC) refers to stm32f4xx_cryp.o(i.CRYP_GetFlagStatus) for CRYP_GetFlagStatus
    stm32f4xx_cryp_aes.o(i.CRYP_AES_CBC) refers to stm32f4xx_cryp.o(i.CRYP_IVInit) for CRYP_IVInit
    stm32f4xx_cryp_aes.o(i.CRYP_AES_CBC) refers to stm32f4xx_cryp.o(i.CRYP_DataIn) for CRYP_DataIn
    stm32f4xx_cryp_aes.o(i.CRYP_AES_CBC) refers to stm32f4xx_cryp.o(i.CRYP_DataOut) for CRYP_DataOut
    stm32f4xx_cryp_aes.o(i.CRYP_AES_CTR) refers to stm32f4xx_cryp.o(i.CRYP_KeyStructInit) for CRYP_KeyStructInit
    stm32f4xx_cryp_aes.o(i.CRYP_AES_CTR) refers to stm32f4xx_cryp.o(i.CRYP_KeyInit) for CRYP_KeyInit
    stm32f4xx_cryp_aes.o(i.CRYP_AES_CTR) refers to stm32f4xx_cryp.o(i.CRYP_Init) for CRYP_Init
    stm32f4xx_cryp_aes.o(i.CRYP_AES_CTR) refers to stm32f4xx_cryp.o(i.CRYP_IVInit) for CRYP_IVInit
    stm32f4xx_cryp_aes.o(i.CRYP_AES_CTR) refers to stm32f4xx_cryp.o(i.CRYP_FIFOFlush) for CRYP_FIFOFlush
    stm32f4xx_cryp_aes.o(i.CRYP_AES_CTR) refers to stm32f4xx_cryp.o(i.CRYP_Cmd) for CRYP_Cmd
    stm32f4xx_cryp_aes.o(i.CRYP_AES_CTR) refers to stm32f4xx_cryp.o(i.CRYP_DataIn) for CRYP_DataIn
    stm32f4xx_cryp_aes.o(i.CRYP_AES_CTR) refers to stm32f4xx_cryp.o(i.CRYP_GetFlagStatus) for CRYP_GetFlagStatus
    stm32f4xx_cryp_aes.o(i.CRYP_AES_CTR) refers to stm32f4xx_cryp.o(i.CRYP_DataOut) for CRYP_DataOut
    stm32f4xx_cryp_aes.o(i.CRYP_AES_ECB) refers to stm32f4xx_cryp.o(i.CRYP_KeyStructInit) for CRYP_KeyStructInit
    stm32f4xx_cryp_aes.o(i.CRYP_AES_ECB) refers to stm32f4xx_cryp.o(i.CRYP_FIFOFlush) for CRYP_FIFOFlush
    stm32f4xx_cryp_aes.o(i.CRYP_AES_ECB) refers to stm32f4xx_cryp.o(i.CRYP_Init) for CRYP_Init
    stm32f4xx_cryp_aes.o(i.CRYP_AES_ECB) refers to stm32f4xx_cryp.o(i.CRYP_KeyInit) for CRYP_KeyInit
    stm32f4xx_cryp_aes.o(i.CRYP_AES_ECB) refers to stm32f4xx_cryp.o(i.CRYP_Cmd) for CRYP_Cmd
[...]
    SDIO_IRQHandler                          0x080001b7   Thumb Code     0  startup_stm32f4xx.o(.text)
    SPI1_IRQHandler                          0x080001b7   Thumb Code     0  startup_stm32f4xx.o(.text)
    SPI2_IRQHandler                          0x080001b7   Thumb Code     0  startup_stm32f4xx.o(.text)
    SPI3_IRQHandler                          0x080001b7   Thumb Code     0  startup_stm32f4xx.o(.text)
    TAMP_STAMP_IRQHandler                    0x080001b7   Thumb Code     0  startup_stm32f4xx.o(.text)
    TIM1_BRK_TIM9_IRQHandler                 0x080001b7   Thumb Code     0  startup_stm32f4xx.o(.text)
    TIM1_CC_IRQHandler                       0x080001b7   Thumb Code     0  startup_stm32f4xx.o(.text)
    TIM1_TRG_COM_TIM11_IRQHandler            0x080001b7   Thumb Code     0  startup_stm32f4xx.o(.text)
    TIM1_UP_TIM10_IRQHandler                 0x080001b7   Thumb Code     0  startup_stm32f4xx.o(.text)
    TIM2_IRQHandler                          0x080001b7   Thumb Code     0  startup_stm32f4xx.o(.text)
    TIM3_IRQHandler                          0x080001b7   Thumb Code     0  startup_stm32f4xx.o(.text)
    TIM4_IRQHandler                          0x080001b7   Thumb Code     0  startup_stm32f4xx.o(.text)
    TIM5_IRQHandler                          0x080001b7   Thumb Code     0  startup_stm32f4xx.o(.text)
    TIM8_BRK_TIM12_IRQHandler                0x080001b7   Thumb Code     0  startup_stm32f4xx.o(.text)
    TIM8_CC_IRQHandler                       0x080001b7   Thumb Code     0  startup_stm32f4xx.o(.text)
    TIM8_TRG_COM_TIM14_IRQHandler            0x080001b7   Thumb Code     0  startup_stm32f4xx.o(.text)
    TIM8_UP_TIM13_IRQHandler                 0x080001b7   Thumb Code     0  startup_stm32f4xx.o(.text)
    UART4_IRQHandler                         0x080001b7   Thumb Code     0  startup_stm32f4xx.o(.text)
    UART5_IRQHandler                         0x080001b7   Thumb Code     0  startup_stm32f4xx.o(.text)
    USART2_IRQHandler                        0x080001b7   Thumb Code     0  startup_stm32f4xx.o(.text)
    USART3_IRQHandler                        0x080001b7   Thumb Code     0  startup_stm32f4xx.o(.text)
    WWDG_IRQHandler                          0x080001b7   Thumb Code     0  startup_stm32f4xx.o(.text)
    __aeabi_memset                           0x080001c1   Thumb Code    14  memseta.o(.text)
    __aeabi_memset4                          0x080001c1   Thumb Code     0  memseta.o(.text)
    __aeabi_memset8                          0x080001c1   Thumb Code     0  memseta.o(.text)
    __aeabi_memclr                           0x080001cf   Thumb Code     4  memseta.o(.text)
    __aeabi_memclr4                          0x080001cf   Thumb Code     0  memseta.o(.text)
    __aeabi_memclr8                          0x080001cf   Thumb Code     0  memseta.o(.text)
    _memset$wrapper                          0x080001d3   Thumb Code    18  memseta.o(.text)
    __aeabi_dadd                             0x080001e5   Thumb Code   322  dadd.o(.text)
    __aeabi_dsub                             0x08000327   Thumb Code     6  dadd.o(.text)
    __aeabi_drsub                            0x0800032d   Thumb Code     6  dadd.o(.text)
    __aeabi_dmul                             0x08000333   Thumb Code   228  dmul.o(.text)
    __aeabi_ddiv                             0x08000417   Thumb Code   222  ddiv.o(.text)
    __aeabi_i2d                              0x080004f5   Thumb Code    34  dflti.o(.text)
    __aeabi_d2iz                             0x08000517   Thumb Code    62  dfixi.o(.text)
    __aeabi_f2d                              0x08000555   Thumb Code    38  f2d.o(.text)
    __aeabi_d2f                              0x0800057b   Thumb Code    56  d2f.o(.text)
    __aeabi_uidiv                            0x080005b3   Thumb Code     0  uidiv.o(.text)
    __aeabi_uidivmod                         0x080005b3   Thumb Code    44  uidiv.o(.text)
    __aeabi_uldivmod                         0x080005df   Thumb Code    98  uldiv.o(.text)
    __aeabi_llsl                             0x08000641   Thumb Code    30  llshl.o(.text)
    _ll_shift_l                              0x08000641   Thumb Code     0  llshl.o(.text)
    __aeabi_llsr                             0x0800065f   Thumb Code    32  llushr.o(.text)
    _ll_ushift_r                             0x0800065f   Thumb Code     0  llushr.o(.text)
    __aeabi_lasr                             0x0800067f   Thumb Code    36  llsshr.o(.text)
    _ll_sshift_r                             0x0800067f   Thumb Code     0  llsshr.o(.text)
    __I$use$fp                               0x080006a3   Thumb Code     0  iusefp.o(.text)
    _float_round                             0x080006a3   Thumb Code    18  fepilogue.o(.text)
    _float_epilogue                          0x080006b5   Thumb Code    92  fepilogue.o(.text)
    _double_round                            0x08000711   Thumb Code    30  depilogue.o(.text)
    _double_epilogue                         0x0800072f   Thumb Code   156  depilogue.o(.text)
    __aeabi_d2ulz                            0x080007cb   Thumb Code    48  dfixul.o(.text)
    __aeabi_cdrcmple                         0x080007fd   Thumb Code    48  cdrcmple.o(.text)
    __scatterload                            0x0800082d   Thumb Code    28  init.o(.text)
    __scatterload_rt2                        0x0800082d   Thumb Code     0  init.o(.text)
    __decompress                             0x08000851   Thumb Code     0  __dczerorl2.o(.text)
    __decompress1                            0x08000851   Thumb Code    86  __dczerorl2.o(.text)
    Action_Back                              0x080008a9   Thumb Code    94  feedback.o(i.Action_Back)
    Action_Resetting                         0x0800090d   Thumb Code   658  end_of.o(i.Action_Resetting)
    Actionpid_Configuration                  0x08000d5d   Thumb Code    40  action.o(i.Actionpid_Configuration)
    Air_Cylinder1_Configuration              0x08000d95   Thumb Code    44  air_cylinder.o(i.Air_Cylinder1_Configuration)
    Air_Cylinder2_Configuration              0x08000dc5   Thumb Code    42  air_cylinder.o(i.Air_Cylinder2_Configuration)
    Air_Cylinder3_Configuration              0x08000df5   Thumb Code    44  air_cylinder.o(i.Air_Cylinder3_Configuration)
    Air_Cylinder4_Configuration              0x08000e25   Thumb Code    40  air_cylinder.o(i.Air_Cylinder4_Configuration)
    Auto_Rotate180                           0x08000e51   Thumb Code    20  straight_angle.o(i.Auto_Rotate180)
    BusFault_Handler                         0x08000e6d   Thumb Code     4  stm32f4xx_it.o(i.BusFault_Handler)
    CAN1_Configuration                       0x08000e71   Thumb Code   270  can1.o(i.CAN1_Configuration)
    CAN1_RX0_IRQHandler                      0x08000f89   Thumb Code   296  can1.o(i.CAN1_RX0_IRQHandler)
    CAN1_TX_IRQHandler                       0x080010e5   Thumb Code    22  can1.o(i.CAN1_TX_IRQHandler)
    CAN2_Configuration                       0x08001101   Thumb Code   266  can2.o(i.CAN2_Configuration)
    CAN2_RX1_IRQHandler                      0x08001215   Thumb Code   590  can2.o(i.CAN2_RX1_IRQHandler)
    CAN2_TX_IRQHandler                       0x080014bd   Thumb Code    22  can2.o(i.CAN2_TX_IRQHandler)
    CAN_ClearITPendingBit                    0x080014d9   Thumb Code   162  stm32f4xx_can.o(i.CAN_ClearITPendingBit)
    CAN_DeInit                               0x08001581   Thumb Code    50  stm32f4xx_can.o(i.CAN_DeInit)
    CAN_FilterInit                           0x080015b9   Thumb Code   258  stm32f4xx_can.o(i.CAN_FilterInit)
    CAN_GetITStatus                          0x080016c1   Thumb Code   284  stm32f4xx_can.o(i.CAN_GetITStatus)
    CAN_ITConfig                             0x080017e1   Thumb Code    18  stm32f4xx_can.o(i.CAN_ITConfig)
    CAN_Init                                 0x080017f3   Thumb Code   276  stm32f4xx_can.o(i.CAN_Init)
    CAN_Receive                              0x08001907   Thumb Code   240  stm32f4xx_can.o(i.CAN_Receive)
    CAN_StructInit                           0x080019f7   Thumb Code    32  stm32f4xx_can.o(i.CAN_StructInit)
    CAN_Transmit                             0x08001a17   Thumb Code   294  stm32f4xx_can.o(i.CAN_Transmit)
    Chassispid_Configuration                 0x08001b3d   Thumb Code   532  chassispid.o(i.Chassispid_Configuration)
    Chassispid_Init                          0x08001db9   Thumb Code   350  chassispid.o(i.Chassispid_Init)
    Command                                  0x08001f51   Thumb Code   756  stmgood.o(i.Command)
    CompStr                                  0x080022c9   Thumb Code    62  stmgood.o(i.CompStr)
    CopyStr                                  0x08002307   Thumb Code    36  stmgood.o(i.CopyStr)
    DMA2_Stream5_IRQHandler                  0x0800232d   Thumb Code   232  usart1.o(i.DMA2_Stream5_IRQHandler)
    DMA_ClearFlag                            0x08002429   Thumb Code    38  stm32f4xx_dma.o(i.DMA_ClearFlag)
    DMA_ClearITPendingBit                    0x0800245d   Thumb Code    38  stm32f4xx_dma.o(i.DMA_ClearITPendingBit)
    DMA_Cmd                                  0x08002491   Thumb Code    22  stm32f4xx_dma.o(i.DMA_Cmd)
    DMA_DeInit                               0x080024a9   Thumb Code   324  stm32f4xx_dma.o(i.DMA_DeInit)
    DMA_GetITStatus                          0x08002601   Thumb Code    82  stm32f4xx_dma.o(i.DMA_GetITStatus)
    DMA_ITConfig                             0x08002665   Thumb Code    58  stm32f4xx_dma.o(i.DMA_ITConfig)
    DMA_Init                                 0x080026a1   Thumb Code    82  stm32f4xx_dma.o(i.DMA_Init)
    DMA_SetCurrDataCounter                   0x080026f9   Thumb Code     4  stm32f4xx_dma.o(i.DMA_SetCurrDataCounter)
    DealStr                                  0x080026fd   Thumb Code   148  stmgood.o(i.DealStr)
    Dealdata                                 0x08002799   Thumb Code   162  stmgood.o(i.Dealdata)
    DebugMon_Handler                         0x0800284d   Thumb Code     2  stm32f4xx_it.o(i.DebugMon_Handler)
    FirstSpace                               0x0800284f   Thumb Code    38  stmgood.o(i.FirstSpace)
    GPIO_Init                                0x08002875   Thumb Code   144  stm32f4xx_gpio.o(i.GPIO_Init)
    GPIO_PinAFConfig                         0x08002905   Thumb Code    70  stm32f4xx_gpio.o(i.GPIO_PinAFConfig)
    GPIO_ReadInputDataBit                    0x0800294b   Thumb Code    18  stm32f4xx_gpio.o(i.GPIO_ReadInputDataBit)
    GPIO_ResetBits                           0x0800295d   Thumb Code     4  stm32f4xx_gpio.o(i.GPIO_ResetBits)
    GPIO_SetBits                             0x08002961   Thumb Code     4  stm32f4xx_gpio.o(i.GPIO_SetBits)
    Grabpid_Configuration                    0x08002965   Thumb Code   154  grabpid.o(i.Grabpid_Configuration)
    Grabpid_Init                             0x08002a25   Thumb Code   118  grabpid.o(i.Grabpid_Init)
    Gyropid_Configuration                    0x08002ab1   Thumb Code    76  gyropid.o(i.Gyropid_Configuration)
    Gyropid_Init                             0x08002b15   Thumb Code    60  gyropid.o(i.Gyropid_Init)
    HardFault_Handler                        0x08002b61   Thumb Code     4  stm32f4xx_it.o(i.HardFault_Handler)
    Keyence_Configuration                    0x08002b65   Thumb Code    38  keyence.o(i.Keyence_Configuration)
    Led_Configuration                        0x08002b91   Thumb Code    54  led.o(i.Led_Configuration)
    Liftpid_Configuration                    0x08002bcd   Thumb Code   228  liftpid.o(i.Liftpid_Configuration)
    Liftpid_Init                             0x08002ce9   Thumb Code   118  liftpid.o(i.Liftpid_Init)
    MemManage_Handler                        0x08002d75   Thumb Code     4  stm32f4xx_it.o(i.MemManage_Handler)
    Mode_Behind                              0x08002d79   Thumb Code  2722  get_mode2.o(i.Mode_Behind)
    Mode_Front                               0x08003859   Thumb Code  2920  get_mode1.o(i.Mode_Front)
    Mode_On_Isle                             0x0800441d   Thumb Code  1758  get_mode3.o(i.Mode_On_Isle)
    NMI_Handler                              0x08004b79   Thumb Code     2  stm32f4xx_it.o(i.NMI_Handler)
    NVIC_Init                                0x08004b7d   Thumb Code   106  misc.o(i.NVIC_Init)
    PID_AbsoluteMode                         0x08004bf5   Thumb Code   552  pid.o(i.PID_AbsoluteMode)
    PendSV_Handler                           0x08004e21   Thumb Code     2  stm32f4xx_it.o(i.PendSV_Handler)
    Position_Init                            0x08004e25   Thumb Code    32  position_init.o(i.Position_Init)
    Quit_Mode                                0x08004e59   Thumb Code   842  quit_mode.o(i.Quit_Mode)
    RCC_AHB1PeriphClockCmd                   0x080054b1   Thumb Code    26  stm32f4xx_rcc.o(i.RCC_AHB1PeriphClockCmd)
    RCC_APB1PeriphClockCmd                   0x080054d1   Thumb Code    26  stm32f4xx_rcc.o(i.RCC_APB1PeriphClockCmd)
    RCC_APB1PeriphResetCmd                   0x080054f1   Thumb Code    26  stm32f4xx_rcc.o(i.RCC_APB1PeriphResetCmd)
    RCC_APB2PeriphClockCmd                   0x08005511   Thumb Code    26  stm32f4xx_rcc.o(i.RCC_APB2PeriphClockCmd)
    RCC_APB2PeriphResetCmd                   0x08005531   Thumb Code    26  stm32f4xx_rcc.o(i.RCC_APB2PeriphResetCmd)
    RCC_GetClocksFreq                        0x08005551   Thumb Code   214  stm32f4xx_rcc.o(i.RCC_GetClocksFreq)
    RC_Init                                  0x08005639   Thumb Code   258  usart1.o(i.RC_Init)
    Remote_Init                              0x08005755   Thumb Code    26  rc_init.o(i.Remote_Init)
    SVC_Handler                              0x08005775   Thumb Code     2  stm32f4xx_it.o(i.SVC_Handler)
    Send_Servo_Position                      0x08005779   Thumb Code   204  servo.o(i.Send_Servo_Position)
    SplitStr                                 0x08005945   Thumb Code    92  stmgood.o(i.SplitStr)
    StrToFloat                               0x080059a1   Thumb Code   338  stmgood.o(i.StrToFloat)
    Strlen                                   0x08005b0d   Thumb Code    22  stmgood.o(i.Strlen)
    SubStr                                   0x08005b25   Thumb Code    40  stmgood.o(i.SubStr)
    SysTick_CLKSourceConfig                  0x08005b51   Thumb Code    40  misc.o(i.SysTick_CLKSourceConfig)
    SystemInit                               0x08005b79   Thumb Code    88  system_stm32f4xx.o(i.SystemInit)
    TIM6_Configuration                       0x08005be1   Thumb Code    70  tim6.o(i.TIM6_Configuration)
    TIM6_DAC_IRQHandler                      0x08005c2d   Thumb Code    96  tim6.o(i.TIM6_DAC_IRQHandler)
    TIM6_Start                               0x08005ca1   Thumb Code    30  tim6.o(i.TIM6_Start)
    TIM7_Configuration                       0x08005cc5   Thumb Code    70  tim7.o(i.TIM7_Configuration)
    TIM7_IRQHandler                          0x08005d11   Thumb Code    62  tim7.o(i.TIM7_IRQHandler)
    TIM7_Start                               0x08005d5d   Thumb Code    30  tim7.o(i.TIM7_Start)
    TIM_ClearFlag                            0x08005d81   Thumb Code     6  stm32f4xx_tim.o(i.TIM_ClearFlag)
    TIM_ClearITPendingBit                    0x08005d87   Thumb Code     6  stm32f4xx_tim.o(i.TIM_ClearITPendingBit)
    TIM_Cmd                                  0x08005d8d   Thumb Code    24  stm32f4xx_tim.o(i.TIM_Cmd)
    TIM_GetITStatus                          0x08005da5   Thumb Code    34  stm32f4xx_tim.o(i.TIM_GetITStatus)
    TIM_ITConfig                             0x08005dc7   Thumb Code    18  stm32f4xx_tim.o(i.TIM_ITConfig)
    TIM_TimeBaseInit                         0x08005dd9   Thumb Code   104  stm32f4xx_tim.o(i.TIM_TimeBaseInit)
    Task_HeroInterface                       0x08005e5d   Thumb Code   116  to_hero.o(i.Task_HeroInterface)
    Task_Rescue                              0x08005ef9   Thumb Code    24  rescue.o(i.Task_Rescue)
    Touch_Switch_Configuration               0x08005f19   Thumb Code    38  touch_switch.o(i.Touch_Switch_Configuration)
    USART1_IRQHandler                        0x08005f45   Thumb Code    96  usart1.o(i.USART1_IRQHandler)
    USART2_Configuration                     0x08005fb1   Thumb Code   162  usart2.o(i.USART2_Configuration)
    USART2_SendChar                          0x08006061   Thumb Code    28  usart2.o(i.USART2_SendChar)
    USART6_Configuration                     0x08006081   Thumb Code   170  usart6.o(i.USART6_Configuration)
    USART6_IRQHandler                        0x08006135   Thumb Code    44  usart6.o(i.USART6_IRQHandler)
    USART_ClearFlag                          0x08006169   Thumb Code    18  stm32f4xx_usart.o(i.USART_ClearFlag)
    USART_ClearITPendingBit                  0x0800617b   Thumb Code    30  stm32f4xx_usart.o(i.USART_ClearITPendingBit)
    USART_Cmd                                0x08006199   Thumb Code    24  stm32f4xx_usart.o(i.USART_Cmd)
    USART_DMACmd                             0x080061b1   Thumb Code    18  stm32f4xx_usart.o(i.USART_DMACmd)
    USART_DeInit                             0x080061c5   Thumb Code   156  stm32f4xx_usart.o(i.USART_DeInit)
    USART_GetFlagStatus                      0x08006279   Thumb Code    26  stm32f4xx_usart.o(i.USART_GetFlagStatus)
    USART_GetITStatus                        0x08006293   Thumb Code    84  stm32f4xx_usart.o(i.USART_GetITStatus)
    USART_ITConfig                           0x080062e7   Thumb Code    74  stm32f4xx_usart.o(i.USART_ITConfig)
    USART_Init                               0x08006331   Thumb Code   204  stm32f4xx_usart.o(i.USART_Init)
    USART_SendData                           0x08006405   Thumb Code     8  stm32f4xx_usart.o(i.USART_SendData)
    UsageFault_Handler                       0x0800640d   Thumb Code     4  stm32f4xx_it.o(i.UsageFault_Handler)
    VR_Back                                  0x08006411   Thumb Code    94  feedback.o(i.VR_Back)
    V_Back                                   0x08006475   Thumb Code    94  feedback.o(i.V_Back)
    Value_Change                             0x080064d9   Thumb Code   376  keyboard_value.o(i.Value_Change)
    Vehicle_Backup_Camera_Configuration      0x080066a1   Thumb Code    44  screen.o(i.Vehicle_Backup_Camera_Configuration)
    Wheel_Direction                          0x080066d1   Thumb Code  3224  wheel.o(i.Wheel_Direction)
    X_Servo_Configuration                    0x080073d1   Thumb Code    94  servo.o(i.X_Servo_Configuration)
    Y_Servo_Configuration                    0x0800743d   Thumb Code    94  servo.o(i.Y_Servo_Configuration)
    __0printf                                0x080074a9   Thumb Code    22  printfa.o(i.__0printf)
    __1printf                                0x080074a9   Thumb Code     0  printfa.o(i.__0printf)
    __2printf                                0x080074a9   Thumb Code     0  printfa.o(i.__0printf)
    __c89printf                              0x080074a9   Thumb Code     0  printfa.o(i.__0printf)
    printf                                   0x080074a9   Thumb Code     0  printfa.o(i.__0printf)
    __hardfp_fabs                            0x080074c9   Thumb Code    20  fabs.o(i.__hardfp_fabs)
    __scatterload_copy                       0x080074dd   Thumb Code    14  handlers.o(i.__scatterload_copy)
    __scatterload_null                       0x080074eb   Thumb Code     2  handlers.o(i.__scatterload_null)
    __scatterload_zeroinit                   0x080074ed   Thumb Code    14  handlers.o(i.__scatterload_zeroinit)
    back                                     0x08007d8f   Thumb Code     2  stmgood.o(i.back)
    back1                                    0x08007d91   Thumb Code     2  stmgood.o(i.back1)
    backleft                                 0x08007d93   Thumb Code     2  stmgood.o(i.backleft)
    backleft1                                0x08007d95   Thumb Code     2  stmgood.o(i.backleft1)
    backright                                0x08007d97   Thumb Code     2  stmgood.o(i.backright)
    backright1                               0x08007d99   Thumb Code     2  stmgood.o(i.backright1)
    cmd                                      0x08007d9d   Thumb Code   164  stmgood.o(i.cmd)
    delay_init                               0x08007e6d   Thumb Code    52  delay.o(i.delay_init)
    delay_ms                                 0x08007ea9   Thumb Code    56  delay.o(i.delay_ms)
    delay_xms                                0x08007ee1   Thumb Code    72  delay.o(i.delay_xms)
    fputc                                    0x08007f2d   Thumb Code    32  usart6.o(i.fputc)
    go                                       0x08007f51   Thumb Code     2  stmgood.o(i.go)
    go1                                      0x08007f55   Thumb Code    10  stmgood.o(i.go1)
    goleft                                   0x08007f69   Thumb Code     2  stmgood.o(i.goleft)
    goleft1                                  0x08007f6b   Thumb Code     2  stmgood.o(i.goleft1)
    goright                                  0x08007f6d   Thumb Code     2  stmgood.o(i.goright)
    goright1                                 0x08007f6f   Thumb Code     2  stmgood.o(i.goright1)
    left                                     0x08007f71   Thumb Code     2  stmgood.o(i.left)
    left1                                    0x08007f73   Thumb Code     2  stmgood.o(i.left1)
    main                                     0x08007f75   Thumb Code   110  main.o(i.main)
    multi1                                   0x08007fe5   Thumb Code    76  stmgood.o(i.multi1)
    multi2                                   0x08008059   Thumb Code    32  stmgood.o(i.multi2)
    multi3                                   0x08008089   Thumb Code    76  stmgood.o(i.multi3)
    multi4                                   0x080080fd   Thumb Code    76  stmgood.o(i.multi4)
    multi5                                   0x08008171   Thumb Code    32  stmgood.o(i.multi5)
    multi6                                   0x080081a5   Thumb Code   126  stmgood.o(i.multi6)
    multi7                                   0x08008289   Thumb Code    76  stmgood.o(i.multi7)
    multi8                                   0x080082fd   Thumb Code    76  stmgood.o(i.multi8)
    multi9                                   0x08008371   Thumb Code     2  stmgood.o(i.multi9)
    part1                                    0x08008373   Thumb Code     2  stmgood.o(i.part1)
    part2                                    0x08008375   Thumb Code     2  stmgood.o(i.part2)
    part3                                    0x08008377   Thumb Code     2  stmgood.o(i.part3)
    part4                                    0x08008379   Thumb Code     2  stmgood.o(i.part4)
    part5                                    0x0800837b   Thumb Code     2  stmgood.o(i.part5)
    part6                                    0x0800837d   Thumb Code     2  stmgood.o(i.part6)
    right                                    0x0800837f   Thumb Code     2  stmgood.o(i.right)
    right1                                   0x08008381   Thumb Code     2  stmgood.o(i.right1)
    stopcar                                  0x08008383   Thumb Code     2  stmgood.o(i.stopcar)
    Region$$Table$$Base                      0x08008384   Number         0  anon$$obj.o(Region$$Table)
    Region$$Table$$Limit                     0x080083a4   Number         0  anon$$obj.o(Region$$Table)
    Rx_data                                  0x20000014   Data           1  usart6.o(.data)
    Remove                                   0x20000018   Data           4  usart1.o(.data)
    B_TOP_L                                  0x2000001c   Data           2  can1.o(.data)
    B_TOP_R                                  0x2000001e   Data           2  can1.o(.data)
    B_DOWN_L                                 0x20000020   Data           2  can1.o(.data)
    B_DOWN_R                                 0x20000022   Data           2  can1.o(.data)
    B_MID_L                                  0x20000024   Data           2  can1.o(.data)
    B_MID_R                                  0x20000026   Data           2  can1.o(.data)
    B_ANGLE_DATA                             0x20000028   Data           4  can1.o(.data)
    B_GYRO_ANGLE                             0x2000002c   Data           4  can1.o(.data)
    LAST_GYRO_ANGLE                          0x20000030   Data           4  can1.o(.data)
    INSTANTANEOUS                            0x20000034   Data           4  can1.o(.data)
    interrupt                                0x20000038   Data           4  can1.o(.data)
    Parameter                                0x2000003c   Data           4  tim7.o(.data)
    B_P_LIFT_L                               0x20000040   Data           2  can2.o(.data)
    B_P_LIFT_R                               0x20000042   Data           2  can2.o(.data)
    LAST_VALUE_L                             0x20000044   Data           4  can2.o(.data)
    LAST_VALUE_R                             0x20000048   Data           4  can2.o(.data)
    LiftRound_L                              0x2000004c   Data           4  can2.o(.data)
    LiftRound_R                              0x20000050   Data           4  can2.o(.data)
    LIFT_POSITION_L                          0x20000054   Data           4  can2.o(.data)
    LIFT_POSITION_R                          0x20000058   Data           4  can2.o(.data)
    B_V_LIFT_L                               0x2000005c   Data           2  can2.o(.data)
    B_V_LIFT_R                               0x2000005e   Data           2  can2.o(.data)
    B_P_GRAB                                 0x20000060   Data           2  can2.o(.data)
    LAST_VALUE_G                             0x20000064   Data           4  can2.o(.data)
    GrabRound                                0x20000068   Data           4  can2.o(.data)
    GRAB_POSITION                            0x2000006c   Data           4  can2.o(.data)
    B_V_GRAB                                 0x20000070   Data           2  can2.o(.data)
    B_P_ROTATE                               0x20000072   Data           2  can2.o(.data)
    LAST_VALUE_RO                            0x20000074   Data           4  can2.o(.data)
    RotateRound                              0x20000078   Data           4  can2.o(.data)
    ROTATE_POSITION                          0x2000007c   Data           4  can2.o(.data)
    B_V_ROTATE                               0x20000080   Data           2  can2.o(.data)
    F_TOP_L                                  0x20000082   Data           2  chassispid.o(.data)
    F_TOP_R                                  0x20000084   Data           2  chassispid.o(.data)
    F_DOWN_L                                 0x20000086   Data           2  chassispid.o(.data)
    F_DOWN_R                                 0x20000088   Data           2  chassispid.o(.data)
    F_MID_L                                  0x2000008a   Data           2  chassispid.o(.data)
    F_MID_R                                  0x2000008c   Data           2  chassispid.o(.data)
    T_LIFT_POSITION_L                        0x20000090   Data           4  liftpid.o(.data)
    T_LIFT_POSITION_R                        0x20000094   Data           4  liftpid.o(.data)
    F_LIFT_POSITION_L                        0x20000098   Data           4  liftpid.o(.data)
    F_LIFT_POSITION_R                        0x2000009c   Data           4  liftpid.o(.data)
    T_GRAB_POSITION                          0x200000a0   Data           4  grabpid.o(.data)
    F_GRAB_POSITION                          0x200000a4   Data           4  grabpid.o(.data)
    T_ROTATE_POSITION                        0x200000a8   Data           4  rotatepid.o(.data)
    F_ROTATE_POSITION                        0x200000ac   Data           4  rotatepid.o(.data)
    F_GYRO_ANGLE                             0x200000b0   Data           4  gyropid.o(.data)
    Count                                    0x200000b8   Data           1  stmgood.o(.data)
    P1                                       0x200000c0   Data           8  stmgood.o(.data)
    I1                                       0x200000c8   Data           8  stmgood.o(.data)
    D1                                       0x200000d0   Data           8  stmgood.o(.data)
    TV1                                      0x200000d8   Data           8  stmgood.o(.data)
    TV2                                      0x200000e0   Data           8  stmgood.o(.data)
    TV3                                      0x200000e8   Data           8  stmgood.o(.data)
    P2                                       0x200000f0   Data           8  stmgood.o(.data)
    I2                                       0x200000f8   Data           8  stmgood.o(.data)
    D2                                       0x20000100   Data           8  stmgood.o(.data)
    P3                                       0x20000108   Data           8  stmgood.o(.data)
    I3                                       0x20000110   Data           8  stmgood.o(.data)
    D3                                       0x20000118   Data           8  stmgood.o(.data)
    TPL                                      0x20000120   Data           8  stmgood.o(.data)
    TPR                                      0x20000128   Data           8  stmgood.o(.data)
    TP                                       0x20000130   Data           8  stmgood.o(.data)
    Booleans_Claw                            0x20000138   Data           8  stmgood.o(.data)
    Booleans_Lift                            0x20000140   Data           8  stmgood.o(.data)
    Booleans_Slide                           0x20000148   Data           8  stmgood.o(.data)
    high_Trigger                             0x20000150   Data           4  stmgood.o(.data)
    P4                                       0x20000158   Data           8  stmgood.o(.data)
    I4                                       0x20000160   Data           8  stmgood.o(.data)
    D4                                       0x20000168   Data           8  stmgood.o(.data)
    P5                                       0x20000170   Data           8  stmgood.o(.data)
    I5                                       0x20000178   Data           8  stmgood.o(.data)
    D5                                       0x20000180   Data           8  stmgood.o(.data)
    T_TOP_L                                  0x20000188   Data           2  wheel.o(.data)
    T_TOP_R                                  0x2000018a   Data           2  wheel.o(.data)
    T_DOWN_L                                 0x2000018c   Data           2  wheel.o(.data)
    T_DOWN_R                                 0x2000018e   Data           2  wheel.o(.data)
    T_MID_L                                  0x20000190   Data           2  wheel.o(.data)
    T_MID_R                                  0x20000192   Data           2  wheel.o(.data)
    F_simulation1                            0x20000194   Data           4  wheel.o(.data)
    F_simulation2                            0x20000198   Data           4  wheel.o(.data)
    F_simulation3                            0x2000019c   Data           4  wheel.o(.data)
    F_simulation4                            0x200001a0   Data           4  wheel.o(.data)
    W_count                                  0x200001a4   Data           4  wheel.o(.data)
    W_count_lock                             0x200001a8   Data           4  wheel.o(.data)
    S_count                                  0x200001ac   Data           4  wheel.o(.data)
    S_count_lock                             0x200001b0   Data           4  wheel.o(.data)
    A_count                                  0x200001b4   Data           4  wheel.o(.data)
    A_count_lock                             0x200001b8   Data           4  wheel.o(.data)
    D_count                                  0x200001bc   Data           4  wheel.o(.data)
    D_count_lock                             0x200001c0   Data           4  wheel.o(.data)
    W_start                                  0x200001c4   Data           4  wheel.o(.data)
    W_end                                    0x200001c8   Data           4  wheel.o(.data)
    S_start                                  0x200001cc   Data           4  wheel.o(.data)
    S_end                                    0x200001d0   Data           4  wheel.o(.data)
    A_start                                  0x200001d4   Data           4  wheel.o(.data)
    A_end                                    0x200001d8   Data           4  wheel.o(.data)
    D_start                                  0x200001dc   Data           4  wheel.o(.data)
    D_end                                    0x200001e0   Data           4  wheel.o(.data)
    auto_flag                                0x200001e4   Data           4  wheel.o(.data)
    solenoid_valve_lock                      0x200001e8   Data           4  wheel.o(.data)
    solenoid_valve_lock1                     0x200001ec   Data           4  wheel.o(.data)
    quit_lock                                0x200001f0   Data           4  end_of.o(.data)
    fold_lock                                0x200001f4   Data           4  end_of.o(.data)
    close_lock                               0x200001f8   Data           4  end_of.o(.data)
    withdraw_lock                            0x200001fc   Data           4  end_of.o(.data)
    loosen_lock                              0x20000200   Data           4  end_of.o(.data)
    contraction_lock                         0x20000204   Data           4  end_of.o(.data)
    keyboard_time_count                      0x20000208   Data           4  keyboard_value.o(.data)
    R_quit_flag                              0x2000020c   Data           4  keyboard_value.o(.data)
    E_under_isle_flag                        0x20000210   Data           4  keyboard_value.o(.data)
    E_lockchassis_flag                       0x20000214   Data           4  keyboard_value.o(.data)
    F_under_isle_flag                        0x20000218   Data           4  keyboard_value.o(.data)
    V_on_isle_flag                           0x2000021c   Data           4  keyboard_value.o(.data)
    Z_trail_flag                             0x20000220   Data           4  keyboard_value.o(.data)
    X_supply_flag                            0x20000224   Data           4  keyboard_value.o(.data)
    C_open_permission                        0x20000228   Data           4  keyboard_value.o(.data)
    C_open_flag                              0x2000022c   Data           4  keyboard_value.o(.data)
    PRESS_R_lockplatform                     0x20000230   Data           4  keyboard_value.o(.data)
    PRESS_L_lockplatform                     0x20000234   Data           4  keyboard_value.o(.data)
    SHIFT_speed_switch_flag                  0x20000238   Data           4  keyboard_value.o(.data)
    SHIFT_command_flag                       0x2000023c   Data           4  keyboard_value.o(.data)
    Q_straight_angle_flag                    0x20000240   Data           4  keyboard_value.o(.data)
    CTRL_rotate_check_flag                   0x20000244   Data           4  keyboard_value.o(.data)
    x_servo_Init                             0x20000248   Data           2  servo.o(.data)
    y_servo_Init                             0x2000024a   Data           2  servo.o(.data)
    interface_time_count                     0x2000024c   Data           4  to_hero.o(.data)
    Lift_flag                                0x20000250   Data           4  to_hero.o(.data)
    pop_flag                                 0x20000254   Data           4  to_hero.o(.data)
    initialization                           0x20000258   Data           4  position_init.o(.data)
    quit_time_count                          0x2000025c   Data           4  quit_mode.o(.data)
    auto_buffer1                             0x20000260   Data           4  get_mode1.o(.data)
    s_time_count                             0x20000264   Data           4  get_mode1.o(.data)
    un_time_count                            0x20000268   Data           4  get_mode1.o(.data)
    N_time_count                             0x2000026c   Data           4  get_mode1.o(.data)
    Grab_Condition                           0x20000270   Data           4  get_mode1.o(.data)
    First                                    0x20000274   Data           4  get_mode1.o(.data)
    Double                                   0x20000278   Data           4  get_mode1.o(.data)
    Triple                                   0x2000027c   Data           4  get_mode1.o(.data)
    times                                    0x20000280   Data           4  get_mode1.o(.data)
    times_lock                               0x20000284   Data           4  get_mode1.o(.data)
    times_lock1                              0x20000288   Data           4  get_mode1.o(.data)
    times_lock2                              0x2000028c   Data           4  get_mode1.o(.data)
    times_lock3                              0x20000290   Data           4  get_mode1.o(.data)
    last_value                               0x20000294   Data           4  get_mode1.o(.data)
    last_value1                              0x20000298   Data           4  get_mode1.o(.data)
    Start                                    0x2000029c   Data           4  get_mode1.o(.data)
    N_Grab_Condition                         0x200002a0   Data           4  get_mode1.o(.data)
    N_First                                  0x200002a4   Data           4  get_mode1.o(.data)
    N_Double                                 0x200002a8   Data           4  get_mode1.o(.data)
    N_Triple                                 0x200002ac   Data           4  get_mode1.o(.data)
    N_times                                  0x200002b0   Data           4  get_mode1.o(.data)
    N_times_lock                             0x200002b4   Data           4  get_mode1.o(.data)
    N_times_lock1                            0x200002b8   Data           4  get_mode1.o(.data)
    N_times_lock2                            0x200002bc   Data           4  get_mode1.o(.data)
    N_times_lock3                            0x200002c0   Data           4  get_mode1.o(.data)
    N_last_value                             0x200002c4   Data           4  get_mode1.o(.data)
    N_last_value1                            0x200002c8   Data           4  get_mode1.o(.data)
    N_Start                                  0x200002cc   Data           4  get_mode1.o(.data)
    start_F_lock1                            0x200002d0   Data           4  get_mode1.o(.data)
    start_F_lock2                            0x200002d4   Data           4  get_mode1.o(.data)
    un_T_F_lock1                             0x200002d8   Data           4  get_mode1.o(.data)
    un_T_F_lock2                             0x200002dc   Data           4  get_mode1.o(.data)
    un_T_F_lock3                             0x200002e0   Data           4  get_mode1.o(.data)
    un_T_F_lock4                             0x200002e4   Data           4  get_mode1.o(.data)
    un_T_F_lock5                             0x200002e8   Data           4  get_mode1.o(.data)
    un_T_F_lock6                             0x200002ec   Data           4  get_mode1.o(.data)
    un_T_F_lock7                             0x200002f0   Data           4  get_mode1.o(.data)
    un_T_F_lock8                             0x200002f4   Data           4  get_mode1.o(.data)
    un_T_F_lock9                             0x200002f8   Data           4  get_mode1.o(.data)
    un_T_F_lock10                            0x200002fc   Data           4  get_mode1.o(.data)
    un_T_F_lock11                            0x20000300   Data           4  get_mode1.o(.data)
    un_T_F_lock12                            0x20000304   Data           4  get_mode1.o(.data)
    un_T_F_lock13                            0x20000308   Data           4  get_mode1.o(.data)
    un_T_F_lock14                            0x2000030c   Data           4  get_mode1.o(.data)
    un_T_F_lock15                            0x20000310   Data           4  get_mode1.o(.data)
    un_T_F_lock16                            0x20000314   Data           4  get_mode1.o(.data)
    un_T_F_lock17                            0x20000318   Data           4  get_mode1.o(.data)
    un_T_F_lock18                            0x2000031c   Data           4  get_mode1.o(.data)
    un_T_F_lock19                            0x20000320   Data           4  get_mode1.o(.data)
    un_O_F_lock1                             0x20000324   Data           4  get_mode1.o(.data)
    un_O_F_lock2                             0x20000328   Data           4  get_mode1.o(.data)
    un_O_F_lock3                             0x2000032c   Data           4  get_mode1.o(.data)
    un_O_F_lock4                             0x20000330   Data           4  get_mode1.o(.data)
    un_O_F_lock5                             0x20000334   Data           4  get_mode1.o(.data)
    un_O_F_lock6                             0x20000338   Data           4  get_mode1.o(.data)
    un_O_F_lock7                             0x2000033c   Data           4  get_mode1.o(.data)
    un_O_F_lock8                             0x20000340   Data           4  get_mode1.o(.data)
    un_O_F_lock9                             0x20000344   Data           4  get_mode1.o(.data)
    buffer_lock5                             0x20000348   Data           4  get_mode1.o(.data)
    buffer_lock6                             0x2000034c   Data           4  get_mode1.o(.data)
    buffer_lock7                             0x20000350   Data           4  get_mode1.o(.data)
    buffer_lock8                             0x20000354   Data           4  get_mode1.o(.data)
    buffer_lock9                             0x20000358   Data           4  get_mode1.o(.data)
    buffer_lock10                            0x2000035c   Data           4  get_mode1.o(.data)
    buffer_lock11                            0x20000360   Data           4  get_mode1.o(.data)
    buffer_lock12                            0x20000364   Data           4  get_mode1.o(.data)
    buffer_lock13                            0x20000368   Data           4  get_mode1.o(.data)
    buffer_lock14                            0x2000036c   Data           4  get_mode1.o(.data)
    buffer_lock                              0x20000370   Data           4  get_mode1.o(.data)
    buffer_lock1                             0x20000374   Data           4  get_mode1.o(.data)
    buffer_lock2                             0x20000378   Data           4  get_mode1.o(.data)
    buffer_lock3                             0x2000037c   Data           4  get_mode1.o(.data)
    buffer_lock4                             0x20000380   Data           4  get_mode1.o(.data)
    deadlock1                                0x20000384   Data           4  get_mode1.o(.data)
    deadlock2                                0x20000388   Data           4  get_mode1.o(.data)
    deadlock3                                0x2000038c   Data           4  get_mode1.o(.data)
    deadlock4                                0x20000390   Data           4  get_mode1.o(.data)
    deadlock5                                0x20000394   Data           4  get_mode1.o(.data)
    continuity1                              0x20000398   Data           4  get_mode1.o(.data)
    continuity2                              0x2000039c   Data           4  get_mode1.o(.data)
    continuity3                              0x200003a0   Data           4  get_mode1.o(.data)
    continuity4                              0x200003a4   Data           4  get_mode1.o(.data)
    continuity5                              0x200003a8   Data           4  get_mode1.o(.data)
    continuity6                              0x200003ac   Data           4  get_mode1.o(.data)
    continuity7                              0x200003b0   Data           4  get_mode1.o(.data)
    continuity8                              0x200003b4   Data           4  get_mode1.o(.data)
    continuity9                              0x200003b8   Data           4  get_mode1.o(.data)
    continuity10                             0x200003bc   Data           4  get_mode1.o(.data)
    continuity11                             0x200003c0   Data           4  get_mode1.o(.data)
    continuity12                             0x200003c4   Data           4  get_mode1.o(.data)
    continuity13                             0x200003c8   Data           4  get_mode1.o(.data)
    continuity14                             0x200003cc   Data           4  get_mode1.o(.data)
    continuity15                             0x200003d0   Data           4  get_mode1.o(.data)
    continuity16                             0x200003d4   Data           4  get_mode1.o(.data)
    continuity17                             0x200003d8   Data           4  get_mode1.o(.data)
    continuity18                             0x200003dc   Data           4  get_mode1.o(.data)
    continuity19                             0x200003e0   Data           4  get_mode1.o(.data)
    continuity20                             0x200003e4   Data           4  get_mode1.o(.data)
    continuity21                             0x200003e8   Data           4  get_mode1.o(.data)
    continuity22                             0x200003ec   Data           4  get_mode1.o(.data)
    auto_buffer2                             0x200003f0   Data           4  get_mode2.o(.data)
    start_B_lock1                            0x200003f4   Data           4  get_mode2.o(.data)
    start_B_lock2                            0x200003f8   Data           4  get_mode2.o(.data)
    start_B_lock3                            0x200003fc   Data           4  get_mode2.o(.data)
    un_T_B_lock1                             0x20000400   Data           4  get_mode2.o(.data)
    un_T_B_lock2                             0x20000404   Data           4  get_mode2.o(.data)
    un_T_B_lock3                             0x20000408   Data           4  get_mode2.o(.data)
    un_T_B_lock4                             0x2000040c   Data           4  get_mode2.o(.data)
    un_T_B_lock5                             0x20000410   Data           4  get_mode2.o(.data)
    un_T_B_lock6                             0x20000414   Data           4  get_mode2.o(.data)
    un_T_B_lock7                             0x20000418   Data           4  get_mode2.o(.data)
    un_T_B_lock8                             0x2000041c   Data           4  get_mode2.o(.data)
    un_T_B_lock9                             0x20000420   Data           4  get_mode2.o(.data)
    un_T_B_lock10                            0x20000424   Data           4  get_mode2.o(.data)
    un_T_B_lock11                            0x20000428   Data           4  get_mode2.o(.data)
    un_T_B_lock12                            0x2000042c   Data           4  get_mode2.o(.data)
    un_T_B_lock13                            0x20000430   Data           4  get_mode2.o(.data)
    un_T_B_lock14                            0x20000434   Data           4  get_mode2.o(.data)
    un_T_B_lock15                            0x20000438   Data           4  get_mode2.o(.data)
    un_T_B_lock16                            0x2000043c   Data           4  get_mode2.o(.data)
    un_T_B_lock17                            0x20000440   Data           4  get_mode2.o(.data)
    un_T_B_lock18                            0x20000444   Data           4  get_mode2.o(.data)
    un_T_B_lock19                            0x20000448   Data           4  get_mode2.o(.data)
    un_T_B_lock20                            0x2000044c   Data           4  get_mode2.o(.data)
    un_O_B_lock1                             0x20000450   Data           4  get_mode2.o(.data)
    un_O_B_lock2                             0x20000454   Data           4  get_mode2.o(.data)
    un_O_B_lock3                             0x20000458   Data           4  get_mode2.o(.data)
    un_O_B_lock4                             0x2000045c   Data           4  get_mode2.o(.data)
    un_O_B_lock5                             0x20000460   Data           4  get_mode2.o(.data)
    un_O_B_lock6                             0x20000464   Data           4  get_mode2.o(.data)
    un_O_B_lock7                             0x20000468   Data           4  get_mode2.o(.data)
    un_O_B_lock8                             0x2000046c   Data           4  get_mode2.o(.data)
    un_O_B_lock9                             0x20000470   Data           4  get_mode2.o(.data)
    un_O_B_lock10                            0x20000474   Data           4  get_mode2.o(.data)
    buffer_lock20                            0x20000478   Data           4  get_mode2.o(.data)
    buffer_lock21                            0x2000047c   Data           4  get_mode2.o(.data)
    buffer_lock22                            0x20000480   Data           4  get_mode2.o(.data)
    buffer_lock23                            0x20000484   Data           4  get_mode2.o(.data)
    buffer_lock24                            0x20000488   Data           4  get_mode2.o(.data)
    buffer_lock25                            0x2000048c   Data           4  get_mode2.o(.data)
    buffer_lock26                            0x20000490   Data           4  get_mode2.o(.data)
    buffer_lock27                            0x20000494   Data           4  get_mode2.o(.data)
    buffer_lock28                            0x20000498   Data           4  get_mode2.o(.data)
    buffer_lock29                            0x2000049c   Data           4  get_mode2.o(.data)
    buffer_lock15                            0x200004a0   Data           4  get_mode2.o(.data)
    buffer_lock16                            0x200004a4   Data           4  get_mode2.o(.data)
    buffer_lock17                            0x200004a8   Data           4  get_mode2.o(.data)
    buffer_lock18                            0x200004ac   Data           4  get_mode2.o(.data)
    buffer_lock19                            0x200004b0   Data           4  get_mode2.o(.data)
    KILL                                     0x200004b4   Data           4  get_mode2.o(.data)
    token1                                   0x200004b8   Data           4  get_mode2.o(.data)
    B_continuity1                            0x200004bc   Data           4  get_mode2.o(.data)
    B_continuity2                            0x200004c0   Data           4  get_mode2.o(.data)
    B_continuity3                            0x200004c4   Data           4  get_mode2.o(.data)
    B_continuity4                            0x200004c8   Data           4  get_mode2.o(.data)
    B_continuity5                            0x200004cc   Data           4  get_mode2.o(.data)
    B_continuity6                            0x200004d0   Data           4  get_mode2.o(.data)
    B_continuity7                            0x200004d4   Data           4  get_mode2.o(.data)
    B_continuity8                            0x200004d8   Data           4  get_mode2.o(.data)
    B_continuity9                            0x200004dc   Data           4  get_mode2.o(.data)
    B_continuity10                           0x200004e0   Data           4  get_mode2.o(.data)
    B_continuity11                           0x200004e4   Data           4  get_mode2.o(.data)
    B_continuity12                           0x200004e8   Data           4  get_mode2.o(.data)
    B_continuity13                           0x200004ec   Data           4  get_mode2.o(.data)
    B_continuity14                           0x200004f0   Data           4  get_mode2.o(.data)
    B_continuity15                           0x200004f4   Data           4  get_mode2.o(.data)
    B_continuity16                           0x200004f8   Data           4  get_mode2.o(.data)
    B_continuity17                           0x200004fc   Data           4  get_mode2.o(.data)
    B_continuity18                           0x20000500   Data           4  get_mode2.o(.data)
    B_continuity19                           0x20000504   Data           4  get_mode2.o(.data)
    B_continuity20                           0x20000508   Data           4  get_mode2.o(.data)
    B_continuity21                           0x2000050c   Data           4  get_mode2.o(.data)
    B_continuity22                           0x20000510   Data           4  get_mode2.o(.data)
    B_continuity23                           0x20000514   Data           4  get_mode2.o(.data)
    auto_buffer3                             0x20000518   Data           4  get_mode3.o(.data)
    on_s_time_count                          0x2000051c   Data           4  get_mode3.o(.data)
    on_time_count                            0x20000520   Data           4  get_mode3.o(.data)
    on_N_time_count                          0x20000524   Data           4  get_mode3.o(.data)
    on_Grab_Condition                        0x20000528   Data           4  get_mode3.o(.data)
    on_First                                 0x2000052c   Data           4  get_mode3.o(.data)
    on_Double                                0x20000530   Data           4  get_mode3.o(.data)
    on_Triple                                0x20000534   Data           4  get_mode3.o(.data)
    on_times                                 0x20000538   Data           4  get_mode3.o(.data)
    on_times_lock                            0x2000053c   Data           4  get_mode3.o(.data)
    on_times_lock1                           0x20000540   Data           4  get_mode3.o(.data)
    on_times_lock2                           0x20000544   Data           4  get_mode3.o(.data)
    on_times_lock3                           0x20000548   Data           4  get_mode3.o(.data)
    on_last_value                            0x2000054c   Data           4  get_mode3.o(.data)
    on_last_value1                           0x20000550   Data           4  get_mode3.o(.data)
    on_Start                                 0x20000554   Data           4  get_mode3.o(.data)
    on_N_Grab_Condition                      0x20000558   Data           4  get_mode3.o(.data)
    on_N_First                               0x2000055c   Data           4  get_mode3.o(.data)
    on_N_Double                              0x20000560   Data           4  get_mode3.o(.data)
    on_N_Triple                              0x20000564   Data           4  get_mode3.o(.data)
    on_N_times                               0x20000568   Data           4  get_mode3.o(.data)
    on_N_times_lock                          0x2000056c   Data           4  get_mode3.o(.data)
    on_N_times_lock1                         0x20000570   Data           4  get_mode3.o(.data)
    on_N_times_lock2                         0x20000574   Data           4  get_mode3.o(.data)
    on_N_times_lock3                         0x20000578   Data           4  get_mode3.o(.data)
    on_N_last_value                          0x2000057c   Data           4  get_mode3.o(.data)
    on_N_last_value1                         0x20000580   Data           4  get_mode3.o(.data)
    on_N_Start                               0x20000584   Data           4  get_mode3.o(.data)
    start_ON_lock1                           0x20000588   Data           4  get_mode3.o(.data)
    start_ON_lock2                           0x2000058c   Data           4  get_mode3.o(.data)
    start_ON_lock3                           0x20000590   Data           4  get_mode3.o(.data)
    on_T_lock1                               0x20000594   Data           4  get_mode3.o(.data)
    on_T_lock2                               0x20000598   Data           4  get_mode3.o(.data)
    on_T_lock3                               0x2000059c   Data           4  get_mode3.o(.data)
    on_T_lock4                               0x200005a0   Data           4  get_mode3.o(.data)
    on_T_lock5                               0x200005a4   Data           4  get_mode3.o(.data)
    on_T_lock6                               0x200005a8   Data           4  get_mode3.o(.data)
    on_T_lock7                               0x200005ac   Data           4  get_mode3.o(.data)
    on_T_lock8                               0x200005b0   Data           4  get_mode3.o(.data)
    on_T_lock9                               0x200005b4   Data           4  get_mode3.o(.data)
    on_T_lock10                              0x200005b8   Data           4  get_mode3.o(.data)
    on_T_lock11                              0x200005bc   Data           4  get_mode3.o(.data)
    on_T_lock12                              0x200005c0   Data           4  get_mode3.o(.data)
    on_T_lock13                              0x200005c4   Data           4  get_mode3.o(.data)
    on_T_lock14                              0x200005c8   Data           4  get_mode3.o(.data)
    on_T_lock15                              0x200005cc   Data           4  get_mode3.o(.data)
    on_T_lock16                              0x200005d0   Data           4  get_mode3.o(.data)
    on_T_lock17                              0x200005d4   Data           4  get_mode3.o(.data)
    on_T_lock18                              0x200005d8   Data           4  get_mode3.o(.data)
    on_T_lock19                              0x200005dc   Data           4  get_mode3.o(.data)
    on_T_lock20                              0x200005e0   Data           4  get_mode3.o(.data)
    on_O_lock1                               0x200005e4   Data           4  get_mode3.o(.data)
    on_O_lock2                               0x200005e8   Data           4  get_mode3.o(.data)
    on_O_lock3                               0x200005ec   Data           4  get_mode3.o(.data)
    on_O_lock4                               0x200005f0   Data           4  get_mode3.o(.data)
    on_O_lock5                               0x200005f4   Data           4  get_mode3.o(.data)
    on_O_lock6                               0x200005f8   Data           4  get_mode3.o(.data)
    on_O_lock7                               0x200005fc   Data           4  get_mode3.o(.data)
    on_O_lock8                               0x20000600   Data           4  get_mode3.o(.data)
    on_O_lock9                               0x20000604   Data           4  get_mode3.o(.data)
    on_O_lock10                              0x20000608   Data           4  get_mode3.o(.data)
    on_buffer_lock20                         0x2000060c   Data           4  get_mode3.o(.data)
    on_buffer_lock21                         0x20000610   Data           4  get_mode3.o(.data)
    on_buffer_lock22                         0x20000614   Data           4  get_mode3.o(.data)
    on_buffer_lock23                         0x20000618   Data           4  get_mode3.o(.data)
    on_buffer_lock24                         0x2000061c   Data           4  get_mode3.o(.data)
    on_buffer_lock25                         0x20000620   Data           4  get_mode3.o(.data)
    on_buffer_lock26                         0x20000624   Data           4  get_mode3.o(.data)
    on_buffer_lock27                         0x20000628   Data           4  get_mode3.o(.data)
    on_buffer_lock28                         0x2000062c   Data           4  get_mode3.o(.data)
    on_buffer_lock29                         0x20000630   Data           4  get_mode3.o(.data)
    on_buffer_lock15                         0x20000634   Data           4  get_mode3.o(.data)
    on_buffer_lock16                         0x20000638   Data           4  get_mode3.o(.data)
    on_buffer_lock17                         0x2000063c   Data           4  get_mode3.o(.data)
    on_buffer_lock18                         0x20000640   Data           4  get_mode3.o(.data)
    on_buffer_lock19                         0x20000644   Data           4  get_mode3.o(.data)
    on_deadlock1                             0x20000648   Data           4  get_mode3.o(.data)
    on_deadlock2                             0x2000064c   Data           4  get_mode3.o(.data)
    on_deadlock3                             0x20000650   Data           4  get_mode3.o(.data)
    on_deadlock4                             0x20000654   Data           4  get_mode3.o(.data)
    on_deadlock5                             0x20000658   Data           4  get_mode3.o(.data)
    on_KILL                                  0x2000065c   Data           4  get_mode3.o(.data)
    on_token1                                0x20000660   Data           4  get_mode3.o(.data)
    on_continuity1                           0x20000664   Data           4  get_mode3.o(.data)
    on_continuity2                           0x20000668   Data           4  get_mode3.o(.data)
    on_continuity3                           0x2000066c   Data           4  get_mode3.o(.data)
    on_continuity4                           0x20000670   Data           4  get_mode3.o(.data)
    on_continuity5                           0x20000674   Data           4  get_mode3.o(.data)
    on_continuity6                           0x20000678   Data           4  get_mode3.o(.data)
    on_continuity7                           0x2000067c   Data           4  get_mode3.o(.data)
    on_continuity8                           0x20000680   Data           4  get_mode3.o(.data)
    on_continuity9                           0x20000684   Data           4  get_mode3.o(.data)
    on_continuity10                          0x20000688   Data           4  get_mode3.o(.data)
    on_continuity11                          0x2000068c   Data           4  get_mode3.o(.data)
    on_continuity12                          0x20000690   Data           4  get_mode3.o(.data)
    on_continuity13                          0x20000694   Data           4  get_mode3.o(.data)
    on_continuity14                          0x20000698   Data           4  get_mode3.o(.data)
    on_continuity15                          0x2000069c   Data           4  get_mode3.o(.data)
    on_continuity16                          0x200006a0   Data           4  get_mode3.o(.data)
    on_continuity17                          0x200006a4   Data           4  get_mode3.o(.data)
    on_continuity18                          0x200006a8   Data           4  get_mode3.o(.data)
    on_continuity19                          0x200006ac   Data           4  get_mode3.o(.data)
    on_continuity20                          0x200006b0   Data           4  get_mode3.o(.data)
    on_continuity21                          0x200006b4   Data           4  get_mode3.o(.data)
    on_continuity22                          0x200006b8   Data           4  get_mode3.o(.data)
    on_continuity23                          0x200006bc   Data           4  get_mode3.o(.data)
    __stdout                                 0x200006c0   Data           4  stdout.o(.data)
    sbus_rx_buffer                           0x200006c4   Data          25  usart1.o(.bss)
    RC_Ctl                                   0x200006de   Data          20  usart1.o(.bss)
    topleft                                  0x200006f4   Data          52  chassispid.o(.bss)
    topright                                 0x20000728   Data          52  chassispid.o(.bss)
    downleft                                 0x2000075c   Data          52  chassispid.o(.bss)
    downright                                0x20000790   Data          52  chassispid.o(.bss)
    midleft                                  0x200007c4   Data          52  chassispid.o(.bss)
    midright                                 0x200007f8   Data          52  chassispid.o(.bss)
    lift_L_Ex                                0x2000082c   Data          52  liftpid.o(.bss)
    lift_L_In                                0x20000860   Data          52  liftpid.o(.bss)
    lift_R_Ex                                0x20000894   Data          52  liftpid.o(.bss)
    lift_R_In                                0x200008c8   Data          52  liftpid.o(.bss)
    grab_Ex                                  0x200008fc   Data          52  grabpid.o(.bss)
    grab_In                                  0x20000930   Data          52  grabpid.o(.bss)
    gyro_Angle                               0x20000964   Data          52  gyropid.o(.bss)
    Cmd1                                     0x20000998   Data          20  stmgood.o(.bss)
    Cmd2                                     0x200009ac   Data          80  stmgood.o(.bss)
    Data                                     0x200009fc   Data         100  stmgood.o(.bss)
    Str1                                     0x20000a60   Data         100  stmgood.o(.bss)
    xx                                       0x20000ac8   Data         800  stmgood.o(.bss)
    __initial_sp                             0x200011e8   Data           0  startup_stm32f4xx.o(STACK)



==============================================================================

Memory Map of the image

  Image Entry point : 0x08000189

  Load Region LR_IROM1 (Base: 0x08000000, Size: 0x00008a68, Max: 0x00080000, ABSOLUTE, COMPRESSED[0x000083f4])

    Execution Region ER_IROM1 (Base: 0x08000000, Size: 0x000083a4, Max: 0x00080000, ABSOLUTE)

    Base Addr    Size         Type   Attr      Idx    E Section Name        Object

    0x08000000   0x00000188   Data   RO          121    RESET               startup_stm32f4xx.o
    0x08000188   0x00000000   Code   RO         5844  * .ARM.Collect$$$$00000000  mc_w.l(entry.o)
    0x08000188   0x00000004   Code   RO         6126    .ARM.Collect$$$$00000001  mc_w.l(entry2.o)
    0x0800018c   0x00000004   Code   RO         6129    .ARM.Collect$$$$00000004  mc_w.l(entry5.o)
    0x08000190   0x00000000   Code   RO         6131    .ARM.Collect$$$$00000008  mc_w.l(entry7b.o)
    0x08000190   0x00000000   Code   RO         6133    .ARM.Collect$$$$0000000A  mc_w.l(entry8b.o)
    0x08000190   0x00000008   Code   RO         6134    .ARM.Collect$$$$0000000B  mc_w.l(entry9a.o)
    0x08000198   0x00000000   Code   RO         6136    .ARM.Collect$$$$0000000D  mc_w.l(entry10a.o)
    0x08000198   0x00000000   Code   RO         6138    .ARM.Collect$$$$0000000F  mc_w.l(entry11a.o)
    0x08000198   0x00000004   Code   RO         6127    .ARM.Collect$$$$00002712  mc_w.l(entry2.o)
    0x0800019c   0x00000024   Code   RO          122    .text               startup_stm32f4xx.o
    0x080001c0   0x00000024   Code   RO         5847    .text               mc_w.l(memseta.o)
    0x080001e4   0x0000014e   Code   RO         6110    .text               mf_w.l(dadd.o)
    0x08000332   0x000000e4   Code   RO         6112    .text               mf_w.l(dmul.o)
    0x08000416   0x000000de   Code   RO         6114    .text               mf_w.l(ddiv.o)
    0x080004f4   0x00000022   Code   RO         6118    .text               mf_w.l(dflti.o)
    0x08000516   0x0000003e   Code   RO         6120    .text               mf_w.l(dfixi.o)
    0x08000554   0x00000026   Code   RO         6122    .text               mf_w.l(f2d.o)
    0x0800057a   0x00000038   Code   RO         6124    .text               mf_w.l(d2f.o)
    0x080005b2   0x0000002c   Code   RO         6141    .text               mc_w.l(uidiv.o)
    0x080005de   0x00000062   Code   RO         6143    .text               mc_w.l(uldiv.o)
    0x08000640   0x0000001e   Code   RO         6145    .text               mc_w.l(llshl.o)
    0x0800065e   0x00000020   Code   RO         6147    .text               mc_w.l(llushr.o)
    0x0800067e   0x00000024   Code   RO         6149    .text               mc_w.l(llsshr.o)
    0x080006a2   0x00000000   Code   RO         6151    .text               mc_w.l(iusefp.o)
    0x080006a2   0x0000006e   Code   RO         6152    .text               mf_w.l(fepilogue.o)
    0x08000710   0x000000ba   Code   RO         6154    .text               mf_w.l(depilogue.o)
    0x080007ca   0x00000030   Code   RO         6156    .text               mf_w.l(dfixul.o)
    0x080007fa   0x00000002   PAD
    0x080007fc   0x00000030   Code   RO         6158    .text               mf_w.l(cdrcmple.o)
    0x0800082c   0x00000024   Code   RO         6160    .text               mc_w.l(init.o)
    0x08000850   0x00000056   Code   RO         6170    .text               mc_w.l(__dczerorl2.o)
    0x080008a6   0x00000002   PAD
    0x080008a8   0x00000064   Code   RO         4839    i.Action_Back       feedback.o
    0x0800090c   0x00000450   Code   RO         5460    i.Action_Resetting  end_of.o
    0x08000d5c   0x00000038   Code   RO         4871    i.Actionpid_Configuration  action.o
    0x08000d94   0x00000030   Code   RO         5402    i.Air_Cylinder1_Configuration  air_cylinder.o
    0x08000dc4   0x00000030   Code   RO         5403    i.Air_Cylinder2_Configuration  air_cylinder.o
    0x08000df4   0x00000030   Code   RO         5404    i.Air_Cylinder3_Configuration  air_cylinder.o
    0x08000e24   0x0000002c   Code   RO         5405    i.Air_Cylinder4_Configuration  air_cylinder.o
    0x08000e50   0x0000001c   Code   RO         5771    i.Auto_Rotate180    straight_angle.o
    0x08000e6c   0x00000004   Code   RO            3    i.BusFault_Handler  stm32f4xx_it.o
    0x08000e70   0x00000118   Code   RO         4481    i.CAN1_Configuration  can1.o
    0x08000f88   0x0000015c   Code   RO         4482    i.CAN1_RX0_IRQHandler  can1.o
    0x080010e4   0x0000001c   Code   RO         4483    i.CAN1_TX_IRQHandler  can1.o
    0x08001100   0x00000114   Code   RO         4558    i.CAN2_Configuration  can2.o
    0x08001214   0x000002a8   Code   RO         4559    i.CAN2_RX1_IRQHandler  can2.o
    0x080014bc   0x0000001c   Code   RO         4560    i.CAN2_TX_IRQHandler  can2.o
    0x080014d8   0x000000a8   Code   RO          419    i.CAN_ClearITPendingBit  stm32f4xx_can.o
    0x08001580   0x00000038   Code   RO          421    i.CAN_DeInit        stm32f4xx_can.o
    0x080015b8   0x00000108   Code   RO          423    i.CAN_FilterInit    stm32f4xx_can.o
    0x080016c0   0x00000120   Code   RO          425    i.CAN_GetITStatus   stm32f4xx_can.o
    0x080017e0   0x00000012   Code   RO          429    i.CAN_ITConfig      stm32f4xx_can.o
    0x080017f2   0x00000114   Code   RO          430    i.CAN_Init          stm32f4xx_can.o
    0x08001906   0x000000f0   Code   RO          433    i.CAN_Receive       stm32f4xx_can.o
    0x080019f6   0x00000020   Code   RO          436    i.CAN_StructInit    stm32f4xx_can.o
    0x08001a16   0x00000126   Code   RO          438    i.CAN_Transmit      stm32f4xx_can.o
    0x08001b3c   0x0000027c   Code   RO         4684    i.Chassispid_Configuration  chassispid.o
    0x08001db8   0x00000184   Code   RO         4685    i.Chassispid_Init   chassispid.o
    0x08001f3c   0x00000012   Code   RO          441    i.CheckITStatus     stm32f4xx_can.o
    0x08001f4e   0x00000002   PAD
    0x08001f50   0x00000378   Code   RO         4935    i.Command           stmgood.o
    0x080022c8   0x0000003e   Code   RO         4936    i.CompStr           stmgood.o
    0x08002306   0x00000024   Code   RO         4937    i.CopyStr           stmgood.o
    0x0800232a   0x00000002   PAD
    0x0800232c   0x000000fc   Code   RO         4445    i.DMA2_Stream5_IRQHandler  usart1.o
    0x08002428   0x00000034   Code   RO         1109    i.DMA_ClearFlag     stm32f4xx_dma.o
    0x0800245c   0x00000034   Code   RO         1110    i.DMA_ClearITPendingBit  stm32f4xx_dma.o
    0x08002490   0x00000016   Code   RO         1111    i.DMA_Cmd           stm32f4xx_dma.o
    0x080024a6   0x00000002   PAD
    0x080024a8   0x00000158   Code   RO         1112    i.DMA_DeInit        stm32f4xx_dma.o
    0x08002600   0x00000064   Code   RO         1121    i.DMA_GetITStatus   stm32f4xx_dma.o
    0x08002664   0x0000003a   Code   RO         1122    i.DMA_ITConfig      stm32f4xx_dma.o
    0x0800269e   0x00000002   PAD
    0x080026a0   0x00000058   Code   RO         1123    i.DMA_Init          stm32f4xx_dma.o
    0x080026f8   0x00000004   Code   RO         1126    i.DMA_SetCurrDataCounter  stm32f4xx_dma.o
    0x080026fc   0x0000009c   Code   RO         4938    i.DealStr           stmgood.o
    0x08002798   0x000000b4   Code   RO         4939    i.Dealdata          stmgood.o
    0x0800284c   0x00000002   Code   RO            4    i.DebugMon_Handler  stm32f4xx_it.o
    0x0800284e   0x00000026   Code   RO         4940    i.FirstSpace        stmgood.o
    0x08002874   0x00000090   Code   RO         1631    i.GPIO_Init         stm32f4xx_gpio.o
    0x08002904   0x00000046   Code   RO         1632    i.GPIO_PinAFConfig  stm32f4xx_gpio.o
    0x0800294a   0x00000012   Code   RO         1635    i.GPIO_ReadInputDataBit  stm32f4xx_gpio.o
    0x0800295c   0x00000004   Code   RO         1638    i.GPIO_ResetBits    stm32f4xx_gpio.o
    0x08002960   0x00000004   Code   RO         1639    i.GPIO_SetBits      stm32f4xx_gpio.o
    0x08002964   0x000000c0   Code   RO         4746    i.Grabpid_Configuration  grabpid.o
    0x08002a24   0x0000008c   Code   RO         4747    i.Grabpid_Init      grabpid.o
    0x08002ab0   0x00000064   Code   RO         4808    i.Gyropid_Configuration  gyropid.o
    0x08002b14   0x0000004c   Code   RO         4809    i.Gyropid_Init      gyropid.o
    0x08002b60   0x00000004   Code   RO            5    i.HardFault_Handler  stm32f4xx_it.o
    0x08002b64   0x0000002c   Code   RO         5440    i.Keyence_Configuration  keyence.o
    0x08002b90   0x0000003c   Code   RO         4915    i.Led_Configuration  led.o
    0x08002bcc   0x0000011c   Code   RO         4715    i.Liftpid_Configuration  liftpid.o
    0x08002ce8   0x0000008c   Code   RO         4716    i.Liftpid_Init      liftpid.o
    0x08002d74   0x00000004   Code   RO            6    i.MemManage_Handler  stm32f4xx_it.o
    0x08002d78   0x00000ae0   Code   RO         5747    i.Mode_Behind       get_mode2.o
    0x08003858   0x00000bc4   Code   RO         5723    i.Mode_Front        get_mode1.o
    0x0800441c   0x0000075c   Code   RO         5792    i.Mode_On_Isle      get_mode3.o
    0x08004b78   0x00000002   Code   RO            7    i.NMI_Handler       stm32f4xx_it.o
    0x08004b7a   0x00000002   PAD
    0x08004b7c   0x00000078   Code   RO          128    i.NVIC_Init         misc.o
    0x08004bf4   0x0000022c   Code   RO         4658    i.PID_AbsoluteMode  pid.o
    0x08004e20   0x00000002   Code   RO            8    i.PendSV_Handler    stm32f4xx_it.o
    0x08004e22   0x00000002   PAD
    0x08004e24   0x00000034   Code   RO         5675    i.Position_Init     position_init.o
    0x08004e58   0x00000658   Code   RO         5699    i.Quit_Mode         quit_mode.o
    0x080054b0   0x00000020   Code   RO         2256    i.RCC_AHB1PeriphClockCmd  stm32f4xx_rcc.o
    0x080054d0   0x00000020   Code   RO         2265    i.RCC_APB1PeriphClockCmd  stm32f4xx_rcc.o
    0x080054f0   0x00000020   Code   RO         2267    i.RCC_APB1PeriphResetCmd  stm32f4xx_rcc.o
    0x08005510   0x00000020   Code   RO         2268    i.RCC_APB2PeriphClockCmd  stm32f4xx_rcc.o
    0x08005530   0x00000020   Code   RO         2270    i.RCC_APB2PeriphResetCmd  stm32f4xx_rcc.o
    0x08005550   0x000000e8   Code   RO         2277    i.RCC_GetClocksFreq  stm32f4xx_rcc.o
    0x08005638   0x0000011c   Code   RO         4446    i.RC_Init           usart1.o
    0x08005754   0x00000020   Code   RO         5361    i.Remote_Init       rc_init.o
    0x08005774   0x00000002   Code   RO            9    i.SVC_Handler       stm32f4xx_it.o
    0x08005776   0x00000002   PAD
    0x08005778   0x000000e0   Code   RO         5570    i.Send_Servo_Position  servo.o
    0x08005858   0x000000ec   Code   RO         4187    i.SetSysClock       system_stm32f4xx.o
    0x08005944   0x0000005c   Code   RO         4941    i.SplitStr          stmgood.o
    0x080059a0   0x0000016c   Code   RO         4942    i.StrToFloat        stmgood.o
    0x08005b0c   0x00000016   Code   RO         4944    i.Strlen            stmgood.o
    0x08005b22   0x00000002   PAD
    0x08005b24   0x0000002c   Code   RO         4945    i.SubStr            stmgood.o
    0x08005b50   0x00000028   Code   RO          132    i.SysTick_CLKSourceConfig  misc.o
    0x08005b78   0x00000068   Code   RO         4189    i.SystemInit        system_stm32f4xx.o
    0x08005be0   0x0000004c   Code   RO         4594    i.TIM6_Configuration  tim6.o
    0x08005c2c   0x00000074   Code   RO         4595    i.TIM6_DAC_IRQHandler  tim6.o
    0x08005ca0   0x00000024   Code   RO         4596    i.TIM6_Start        tim6.o
    0x08005cc4   0x0000004c   Code   RO         4517    i.TIM7_Configuration  tim7.o
    0x08005d10   0x0000004c   Code   RO         4518    i.TIM7_IRQHandler   tim7.o
    0x08005d5c   0x00000024   Code   RO         4519    i.TIM7_Start        tim7.o
    0x08005d80   0x00000006   Code   RO         3382    i.TIM_ClearFlag     stm32f4xx_tim.o
    0x08005d86   0x00000006   Code   RO         3383    i.TIM_ClearITPendingBit  stm32f4xx_tim.o
    0x08005d8c   0x00000018   Code   RO         3388    i.TIM_Cmd           stm32f4xx_tim.o
    0x08005da4   0x00000022   Code   RO         3409    i.TIM_GetITStatus   stm32f4xx_tim.o
    0x08005dc6   0x00000012   Code   RO         3413    i.TIM_ITConfig      stm32f4xx_tim.o
    0x08005dd8   0x00000084   Code   RO         3460    i.TIM_TimeBaseInit  stm32f4xx_tim.o
    0x08005e5c   0x0000009c   Code   RO         5627    i.Task_HeroInterface  to_hero.o
    0x08005ef8   0x00000020   Code   RO         5606    i.Task_Rescue       rescue.o
    0x08005f18   0x0000002c   Code   RO         5382    i.Touch_Switch_Configuration  touch_switch.o
    0x08005f44   0x0000006c   Code   RO         4447    i.USART1_IRQHandler  usart1.o
    0x08005fb0   0x000000b0   Code   RO         4632    i.USART2_Configuration  usart2.o
    0x08006060   0x00000020   Code   RO         4633    i.USART2_SendChar   usart2.o
    0x08006080   0x000000b4   Code   RO         4404    i.USART6_Configuration  usart6.o
    0x08006134   0x00000034   Code   RO         4405    i.USART6_IRQHandler  usart6.o
    0x08006168   0x00000012   Code   RO         3934    i.USART_ClearFlag   stm32f4xx_usart.o
    0x0800617a   0x0000001e   Code   RO         3935    i.USART_ClearITPendingBit  stm32f4xx_usart.o
    0x08006198   0x00000018   Code   RO         3938    i.USART_Cmd         stm32f4xx_usart.o
    0x080061b0   0x00000012   Code   RO         3939    i.USART_DMACmd      stm32f4xx_usart.o
    0x080061c2   0x00000002   PAD
    0x080061c4   0x000000b4   Code   RO         3940    i.USART_DeInit      stm32f4xx_usart.o
    0x08006278   0x0000001a   Code   RO         3941    i.USART_GetFlagStatus  stm32f4xx_usart.o
    0x08006292   0x00000054   Code   RO         3942    i.USART_GetITStatus  stm32f4xx_usart.o
    0x080062e6   0x0000004a   Code   RO         3944    i.USART_ITConfig    stm32f4xx_usart.o
    0x08006330   0x000000d4   Code   RO         3945    i.USART_Init        stm32f4xx_usart.o
    0x08006404   0x00000008   Code   RO         3955    i.USART_SendData    stm32f4xx_usart.o
    0x0800640c   0x00000004   Code   RO           10    i.UsageFault_Handler  stm32f4xx_it.o
    0x08006410   0x00000064   Code   RO         4840    i.VR_Back           feedback.o
    0x08006474   0x00000064   Code   RO         4841    i.V_Back            feedback.o
    0x080064d8   0x000001c8   Code   RO         5484    i.Value_Change      keyboard_value.o
    0x080066a0   0x00000030   Code   RO         5508    i.Vehicle_Backup_Camera_Configuration  screen.o
    0x080066d0   0x00000d00   Code   RO         5337    i.Wheel_Direction   wheel.o
    0x080073d0   0x0000006c   Code   RO         5571    i.X_Servo_Configuration  servo.o
    0x0800743c   0x0000006c   Code   RO         5572    i.Y_Servo_Configuration  servo.o
    0x080074a8   0x00000020   Code   RO         6082    i.__0printf         mc_w.l(printfa.o)
    0x080074c8   0x00000014   Code   RO         5838    i.__hardfp_fabs     m_wm.l(fabs.o)
    0x080074dc   0x0000000e   Code   RO         6164    i.__scatterload_copy  mc_w.l(handlers.o)
    0x080074ea   0x00000002   Code   RO         6165    i.__scatterload_null  mc_w.l(handlers.o)
    0x080074ec   0x0000000e   Code   RO         6166    i.__scatterload_zeroinit  mc_w.l(handlers.o)
    0x080074fa   0x00000002   PAD
    0x080074fc   0x00000164   Code   RO         6089    i._fp_digits        mc_w.l(printfa.o)
    0x08007660   0x000006dc   Code   RO         6090    i._printf_core      mc_w.l(printfa.o)
    0x08007d3c   0x00000024   Code   RO         6091    i._printf_post_padding  mc_w.l(printfa.o)
    0x08007d60   0x0000002e   Code   RO         6092    i._printf_pre_padding  mc_w.l(printfa.o)
    0x08007d8e   0x00000002   Code   RO         4946    i.back              stmgood.o
    0x08007d90   0x00000002   Code   RO         4947    i.back1             stmgood.o
    0x08007d92   0x00000002   Code   RO         4948    i.backleft          stmgood.o
    0x08007d94   0x00000002   Code   RO         4949    i.backleft1         stmgood.o
    0x08007d96   0x00000002   Code   RO         4950    i.backright         stmgood.o
    0x08007d98   0x00000002   Code   RO         4951    i.backright1        stmgood.o
    0x08007d9a   0x00000002   PAD
    0x08007d9c   0x000000d0   Code   RO         4952    i.cmd               stmgood.o
    0x08007e6c   0x0000003c   Code   RO         4224    i.delay_init        delay.o
    0x08007ea8   0x00000038   Code   RO         4225    i.delay_ms          delay.o
    0x08007ee0   0x0000004c   Code   RO         4227    i.delay_xms         delay.o
    0x08007f2c   0x00000024   Code   RO         4407    i.fputc             usart6.o
    0x08007f50   0x00000002   Code   RO         4953    i.go                stmgood.o
    0x08007f52   0x00000002   PAD
    0x08007f54   0x00000014   Code   RO         4954    i.go1               stmgood.o
    0x08007f68   0x00000002   Code   RO         4955    i.goleft            stmgood.o
    0x08007f6a   0x00000002   Code   RO         4956    i.goleft1           stmgood.o
    0x08007f6c   0x00000002   Code   RO         4957    i.goright           stmgood.o
    0x08007f6e   0x00000002   Code   RO         4958    i.goright1          stmgood.o
    0x08007f70   0x00000002   Code   RO         4959    i.left              stmgood.o
    0x08007f72   0x00000002   Code   RO         4960    i.left1             stmgood.o
    0x08007f74   0x0000006e   Code   RO         4892    i.main              main.o
    0x08007fe2   0x00000002   PAD
    0x08007fe4   0x00000074   Code   RO         4961    i.multi1            stmgood.o
    0x08008058   0x00000030   Code   RO         4962    i.multi2            stmgood.o
    0x08008088   0x00000074   Code   RO         4963    i.multi3            stmgood.o
    0x080080fc   0x00000074   Code   RO         4964    i.multi4            stmgood.o
    0x08008170   0x00000034   Code   RO         4965    i.multi5            stmgood.o
    0x080081a4   0x000000e4   Code   RO         4966    i.multi6            stmgood.o
    0x08008288   0x00000074   Code   RO         4967    i.multi7            stmgood.o
    0x080082fc   0x00000074   Code   RO         4968    i.multi8            stmgood.o
    0x08008370   0x00000002   Code   RO         4969    i.multi9            stmgood.o
    0x08008372   0x00000002   Code   RO         4970    i.part1             stmgood.o
    0x08008374   0x00000002   Code   RO         4971    i.part2             stmgood.o
    0x08008376   0x00000002   Code   RO         4972    i.part3             stmgood.o
    0x08008378   0x00000002   Code   RO         4973    i.part4             stmgood.o
    0x0800837a   0x00000002   Code   RO         4974    i.part5             stmgood.o
    0x0800837c   0x00000002   Code   RO         4975    i.part6             stmgood.o
    0x0800837e   0x00000002   Code   RO         4976    i.right             stmgood.o
    0x08008380   0x00000002   Code   RO         4977    i.right1            stmgood.o
    0x08008382   0x00000002   Code   RO         4998    i.stopcar           stmgood.o
    0x08008384   0x00000020   Data   RO         6162    Region$$Table       anon$$obj.o


    Execution Region RW_IRAM1 (Base: 0x20000000, Size: 0x000011e8, Max: 0x00020000, ABSOLUTE, COMPRESSED[0x00000050])

    Base Addr    Size         Type   Attr      Idx    E Section Name        Object

    0x20000000   0x00000010   Data   RW         2300    .data               stm32f4xx_rcc.o
    0x20000010   0x00000004   Data   RW         4228    .data               delay.o
    0x20000014   0x00000001   Data   RW         4408    .data               usart6.o
    0x20000015   0x00000003   PAD
    0x20000018   0x00000004   Data   RW         4449    .data               usart1.o
    0x2000001c   0x00000020   Data   RW         4484    .data               can1.o
    0x2000003c   0x00000004   Data   RW         4520    .data               tim7.o
    0x20000040   0x00000042   Data   RW         4561    .data               can2.o
    0x20000082   0x0000000c   Data   RW         4687    .data               chassispid.o
    0x2000008e   0x00000002   PAD
    0x20000090   0x00000010   Data   RW         4718    .data               liftpid.o
    0x200000a0   0x00000008   Data   RW         4749    .data               grabpid.o
    0x200000a8   0x00000008   Data   RW         4780    .data               rotatepid.o
    0x200000b0   0x00000004   Data   RW         4811    .data               gyropid.o
    0x200000b4   0x00000004   PAD
    0x200000b8   0x000000d0   Data   RW         5000    .data               stmgood.o
    0x20000188   0x00000068   Data   RW         5338    .data               wheel.o
    0x200001f0   0x00000018   Data   RW         5461    .data               end_of.o
    0x20000208   0x00000040   Data   RW         5485    .data               keyboard_value.o
    0x20000248   0x00000004   Data   RW         5573    .data               servo.o
    0x2000024c   0x0000000c   Data   RW         5628    .data               to_hero.o
    0x20000258   0x00000004   Data   RW         5676    .data               position_init.o
    0x2000025c   0x00000004   Data   RW         5700    .data               quit_mode.o
    0x20000260   0x00000190   Data   RW         5724    .data               get_mode1.o
    0x200003f0   0x00000128   Data   RW         5748    .data               get_mode2.o
    0x20000518   0x000001a8   Data   RW         5793    .data               get_mode3.o
    0x200006c0   0x00000004   Data   RW         6140    .data               mc_w.l(stdout.o)
    0x200006c4   0x0000002e   Zero   RW         4448    .bss                usart1.o
    0x200006f2   0x00000002   PAD
    0x200006f4   0x00000138   Zero   RW         4686    .bss                chassispid.o
    0x2000082c   0x000000d0   Zero   RW         4717    .bss                liftpid.o
    0x200008fc   0x00000068   Zero   RW         4748    .bss                grabpid.o
    0x20000964   0x00000034   Zero   RW         4810    .bss                gyropid.o
    0x20000998   0x00000450   Zero   RW         4999    .bss                stmgood.o
    0x20000de8   0x00000400   Zero   RW          119    STACK               startup_stm32f4xx.o


==============================================================================

Image component sizes


      Code (inc. data)   RO Data    RW Data    ZI Data      Debug   Object Name

        56         16          0          0          0        510   action.o
       188         18          0          0          0       2228   air_cylinder.o
       656         68          0         32          0       2546   can1.o
       984        106          0         66          0       3035   can2.o
      1024        142          0         12        312       1938   chassispid.o
       192         12          0          4          0       5668   delay.o
      1104        446          0         24          0       1555   end_of.o
       300         18          0          0          0       2177   feedback.o
      3012        578          0        400          0       6770   get_mode1.o
      2784        544          0        296          0       5727   get_mode2.o
      1884        396          0        424          0       6470   get_mode3.o
       332         60          0          8        104       1429   grabpid.o
       176         40          0          4         52       1297   gyropid.o
       456         80          0         64          0       1786   keyboard_value.o
        44          6          0          0          0        532   keyence.o
        60          6          0          0          0        528   led.o
       424         78          0         16        208       1629   liftpid.o
       110          0          0          0          0        575   main.o
       160         14          0          0          0       1526   misc.o
       556          4          0          0          0       1027   pid.o
        52         20          0          4          0        737   position_init.o
      1624        782          0          4          0       1654   quit_mode.o
        32          6          0          0          0        490   rc_init.o
        32          8          0          0          0        490   rescue.o
         0          0          0          8          0        370   rotatepid.o
        48          4          0          0          0        562   screen.o
       440         48          0          4          0       2274   servo.o
        36          8        392          0       1024        828   startup_stm32f4xx.o
      1654         22          0          0          0       7428   stm32f4xx_can.o
       720         72          0          0          0       6312   stm32f4xx_dma.o
       240          0          0          0          0       3479   stm32f4xx_gpio.o
        24          0          0          0          0     282856   stm32f4xx_it.o
       392         48          0         16          0       5505   stm32f4xx_rcc.o
       220         28          0          0          0       4186   stm32f4xx_tim.o
       674         32          0          0          0       7291   stm32f4xx_usart.o
      3064        580          0        208       1104      24880   stmgood.o
        28          8          0          0          0        509   straight_angle.o
       340         32          0          0          0       1545   system_stm32f4xx.o
       228         32          0          0          0       1612   tim6.o
       188         26          0          4          0       1796   tim7.o
       156         40          0         12          0        915   to_hero.o
        44          6          0          0          0        549   touch_switch.o
       644         58          0          4         46       2451   usart1.o
       208         18          0          0          0       1229   usart2.o
       268         22          0          1          0       1993   usart6.o
      3328        280          0        104          0       3573   wheel.o

    ----------------------------------------------------------------------
     29210       4812        424       1728       2852     414467   Object Totals
         0          0         32          0          0          0   (incl. Generated)
        24          0          0          9          2          0   (incl. Padding)

    ----------------------------------------------------------------------

      Code (inc. data)   RO Data    RW Data    ZI Data      Debug   Library Member Name

        20          0          0          0          0        124   fabs.o
        86          0          0          0          0          0   __dczerorl2.o
         0          0          0          0          0          0   entry.o
         0          0          0          0          0          0   entry10a.o
         0          0          0          0          0          0   entry11a.o
         8          4          0          0          0          0   entry2.o
         4          0          0          0          0          0   entry5.o
         0          0          0          0          0          0   entry7b.o
         0          0          0          0          0          0   entry8b.o
         8          4          0          0          0          0   entry9a.o
        30          0          0          0          0          0   handlers.o
        36          8          0          0          0         68   init.o
         0          0          0          0          0          0   iusefp.o
        30          0          0          0          0         68   llshl.o
        36          0          0          0          0         68   llsshr.o
        32          0          0          0          0         68   llushr.o
        36          0          0          0          0        108   memseta.o
      2226         90          0          0          0        444   printfa.o
         0          0          0          4          0          0   stdout.o
        44          0          0          0          0         80   uidiv.o
        98          0          0          0          0         92   uldiv.o
        48          0          0          0          0         68   cdrcmple.o
        56          0          0          0          0         88   d2f.o
       334          0          0          0          0        148   dadd.o
       222          0          0          0          0        100   ddiv.o
       186          0          0          0          0        176   depilogue.o
        62          0          0          0          0         80   dfixi.o
        48          0          0          0          0         68   dfixul.o
        34          0          0          0          0         76   dflti.o
       228          0          0          0          0         96   dmul.o
        38          0          0          0          0         68   f2d.o
       110          0          0          0          0        168   fepilogue.o

    ----------------------------------------------------------------------
      4066        106          0          4          0       2256   Library Totals
         6          0          0          0          0          0   (incl. Padding)

    ----------------------------------------------------------------------

      Code (inc. data)   RO Data    RW Data    ZI Data      Debug   Library Name

        20          0          0          0          0        124   m_wm.l
      2674        106          0          4          0        996   mc_w.l
      1366          0          0          0          0       1136   mf_w.l

    ----------------------------------------------------------------------
      4066        106          0          4          0       2256   Library Totals

    ----------------------------------------------------------------------

==============================================================================


      Code (inc. data)   RO Data    RW Data    ZI Data      Debug   

     33276       4918        424       1732       2852     400567   Grand Totals
     33276       4918        424         80       2852     400567   ELF Image Totals (compressed)
     33276       4918        424         80          0          0   ROM Totals

==============================================================================

    Total RO  Size (Code + RO Data)                33700 (  32.91kB)
    Total RW  Size (RW Data + ZI Data)              4584 (   4.48kB)
    Total ROM Size (Code + RO Data + RW Data)      33780 (  32.99kB)

==============================================================================

